*** Using Compiler 'V6.21', folder: 'C:\Keil_v5\ARM\ARMCLANG\Bin'
Build target 'rt-thread'
compiling mnt.c...
compiling main.c...
compiling at_socket.c...
compiling at_device_esp8266.c...
compiling hid_custom_template.c...
compiling msc_blkdev_template.c...
compiling at_sample_esp8266.c...
compiling at_utils.c...
compiling cdc_hid_template.c...
compiling at_client.c...
compiling cdc_blkdev_template.c...
compiling at_device.c...
compiling msc_hid_template.c...
assembling context_rvds.S...
compiling at_cli.c...
compiling div0.c...
compiling cherryusb.c...
compiling at_socket_esp8266.c...
compiling atomic_arm.c...
compiling cdc_msc_blkdev_template.c...
compiling showmem.c...
compiling cJSON_Utils.c...
compiling cpuport.c...
compiling cJSON.c...
compiling blk_dfs.c...
compiling blk_dev.c...
compiling blk_partition.c...
compiling dfs.c...
compiling completion_comm.c...
compiling blk.c...
compiling device.c...
compiling completion_up.c...
compiling condvar.c...
compiling dataqueue.c...
compiling efi.c...
compiling ringblk_buf.c...
compiling ringbuffer.c...
compiling waitqueue.c...
compiling pipe.c...
compiling workqueue.c...
compiling mtd_nor.c...
compiling dev_pin.c...
compiling dev_block.c...
compiling dev_mmcsd_core.c...
compiling dev_mmc.c...
compiling dev_serial.c...
compiling dev_sd.c...
compiling dev_spi.c...
compiling dev_sdio.c...
compiling sfud_sfdp.c...
compiling dev_spi_flash_sfud.c...
compiling sfud.c...
compiling dev_spi_core.c...
compiling drv_dma.c...
compiling drv_flash_f4.c...
compiling drv_gpio.c...
compiling drv_usart.c...
compiling drv_sdio.c...
compiling drv_spi.c...
compiling drv_common.c...
compiling stm32f4xx_hal_msp.c...
compiling drv_esp8266.c...
compiling board.c...
compiling fal.c...
compiling fal_flash.c...
compiling fal_partition.c...
compiling devfs.c...
compiling fal_flash_sfud_port.c...
compiling ffunicode.c...
compiling fal_rtt.c...
compiling dfs_elm.c...
compiling dfs_romfs.c...
compiling src_dfs.c...
compiling dfs_fs.c...
compiling msh_parse.c...
compiling shell.c...
compiling dfs_file.c...
compiling dfs_posix.c...
compiling cmd.c...
compiling components.c...
compiling clock.c...
compiling msh.c...
compiling defunct.c...
compiling cpu_up.c...
compiling msh_file.c...
compiling ff.c...
compiling irq.c...
compiling idle.c...
compiling kservice.c...
compiling ipc.c...
compiling mempool.c...
compiling mem.c...
compiling scheduler_comm.c...
compiling object.c...
compiling scheduler_up.c...
compiling timer.c...
compiling thread.c...
compiling syscall_mem.c...
compiling ctime.c...
compiling poll.c...
../../../components/libc/compilers/common/cwchar.c(117): warning: result of comparison of constant 196607 with expression of type 'wchar_t' (aka 'unsigned short') is always true [-Wtautological-constant-out-of-range-compare]
  117 |          (ucs >= 0x20000 && ucs <= 0x2ffff)
      |                             ~~~ ^  ~~~~~~~
../../../components/libc/compilers/common/cwchar.c(117): warning: result of comparison of constant 131072 with expression of type 'wchar_t' (aka 'unsigned short') is always false [-Wtautological-constant-out-of-range-compare]
  117 |          (ucs >= 0x20000 && ucs <= 0x2ffff)
      |           ~~~ ^  ~~~~~~~
2 warnings generated.
compiling cwchar.c...
compiling syscalls.c...
compiling cunistd.c...
compiling cstdlib.c...
compiling cctype.c...
compiling select.c...
compiling kerrno.c...
compiling cstring.c...
compiling kstdio.c...
compiling drv_led.c...
compiling kstring.c...
compiling rt_vsnprintf_tiny.c...
compiling lfs_crc.c...
compiling rt_vsscanf.c...
compiling dfs_lfs.c...
compiling lfs_util.c...
compiling onenet_reply.c...
compiling onenet_mqtt.c...
compiling onenet_port.c...
compiling MQTTConnectClient.c...
compiling MQTTConnectServer.c...
compiling MQTTDeserializePublish.c...
compiling onenet_sample.c...
compiling MQTTFormat.c...
compiling MQTTSubscribeClient.c...
compiling MQTTPacket.c...
compiling MQTTSubscribeServer.c...
compiling MQTTSerializePublish.c...
compiling MQTTUnsubscribeClient.c...
compiling MQTTUnsubscribeServer.c...
compiling onenet_ota.c...
compiling lfs.c...
compiling ls_ext.c...
compiling netdev_ipaddr.c...
assembling startup_stm32f407xx.s...
compiling paho_mqtt_pipe.c...
compiling net_netdb.c...
compiling af_inet_at.c...
compiling dfs_net.c...
compiling netdev.c...
compiling net_sockets.c...
compiling system_stm32f4xx.c...
compiling stm32f4xx_hal_cec.c...
compiling stm32f4xx_hal.c...
compiling drv_sdcard.c...
compiling sal_socket.c...
compiling stm32f4xx_hal_cortex.c...
compiling stm32f4xx_hal_crc.c...
compiling stm32f4xx_hal_cryp.c...
compiling stm32f4xx_hal_dma_ex.c...
compiling stm32f4xx_hal_dma.c...
compiling stm32f4xx_hal_cryp_ex.c...
compiling stm32f4xx_hal_rcc.c...
compiling stm32f4xx_hal_pwr.c...
compiling stm32f4xx_hal_pwr_ex.c...
compiling stm32f4xx_hal_rcc_ex.c...
compiling stm32f4xx_hal_rng.c...
compiling stm32f4xx_hal_gpio.c...
compiling stm32f4xx_hal_usart.c...
compiling stm32f4xx_hal_qspi.c...
compiling stm32f4xx_hal_nor.c...
compiling stm32f4xx_hal_uart.c...
compiling stm32f4xx_hal_spi.c...
compiling stm32f4xx_hal_flash.c...
compiling stm32f4xx_hal_flash_ramfunc.c...
compiling stm32f4xx_ll_sdmmc.c...
compiling stm32f4xx_hal_flash_ex.c...
compiling usb_osal_rtthread.c...
compiling stm32f4xx_hal_sd.c...
compiling resource_id.c...
compiling usbd_cdc_acm.c...
compiling usbd_hid.c...
compiling usb_glue_st.c...
compiling usbd_core.c...
compiling usbd_msc.c...
compiling usb_dc_dwc2.c...
compiling drv_w25q128.c...
packages/webclient-v2.2.0/src/webclient.c(1151): warning: passing 'int *' to parameter of type 'size_t *' (aka 'unsigned int *') converts between pointers to integer types with different sign [-Wpointer-sign]
 1151 |         data_len = webclient_response(session, (void **)&buffer, &resp_len);
      |                                                                  ^~~~~~~~~
packages/webclient-v2.2.0/inc\webclient.h(138): note: passing argument to parameter 'resp_len' here
  138 | int webclient_response(struct webclient_session *session, void **response, size_t *resp_len);
      |                                                                                    ^
1 warning generated.
compiling webclient.c...
linking...
Program Size: Code=212878 RO-data=38174 RW-data=4060 ZI-data=16612  
After Build - User command #1: fromelf --bin .\build\keil\Obj\rt-thread.axf --output rtthread.bin
".\build\keil\Obj\rt-thread.axf" - 0 Error(s), 3 Warning(s).
Build Time Elapsed:  00:00:17
